// Jest Snapshot v1, https://goo.gl/fbAQLP

exports[`Button Container should match snapshot 1`] = `
ShallowWrapper {
  "length": 1,
  Symbol(enzyme.__root__): [Circular],
  Symbol(enzyme.__unrendered__): <Unknown />,
  Symbol(enzyme.__renderer__): Object {
    "batchedUpdates": [Function],
    "getNode": [Function],
    "render": [Function],
    "simulateEvent": [Function],
    "unmount": [Function],
  },
  Symbol(enzyme.__node__): Object {
    "instance": null,
    "key": undefined,
    "nodeType": "host",
    "props": Object {
      "children": Array [
        <NavLink
          activeClassName="active"
          ariaCurrent="true"
          className="button"
          onClick={[Function]}
          to="/home/people/"
>
          People
</NavLink>,
        <NavLink
          activeClassName="active"
          ariaCurrent="true"
          className="button"
          onClick={[Function]}
          to="/home/planets/"
>
          Planets
</NavLink>,
        <NavLink
          activeClassName="active"
          ariaCurrent="true"
          className="button"
          onClick={[Function]}
          to="/home/vehicles/"
>
          Vehicles
</NavLink>,
      ],
      "className": "button-container",
    },
    "ref": null,
    "rendered": Array [
      Object {
        "instance": null,
        "key": undefined,
        "nodeType": "function",
        "props": Object {
          "activeClassName": "active",
          "ariaCurrent": "true",
          "children": "People",
          "className": "button",
          "onClick": [Function],
          "to": "/home/people/",
        },
        "ref": null,
        "rendered": "People",
        "type": [Function],
      },
      Object {
        "instance": null,
        "key": undefined,
        "nodeType": "function",
        "props": Object {
          "activeClassName": "active",
          "ariaCurrent": "true",
          "children": "Planets",
          "className": "button",
          "onClick": [Function],
          "to": "/home/planets/",
        },
        "ref": null,
        "rendered": "Planets",
        "type": [Function],
      },
      Object {
        "instance": null,
        "key": undefined,
        "nodeType": "function",
        "props": Object {
          "activeClassName": "active",
          "ariaCurrent": "true",
          "children": "Vehicles",
          "className": "button",
          "onClick": [Function],
          "to": "/home/vehicles/",
        },
        "ref": null,
        "rendered": "Vehicles",
        "type": [Function],
      },
    ],
    "type": "div",
  },
  Symbol(enzyme.__nodes__): Array [
    Object {
      "instance": null,
      "key": undefined,
      "nodeType": "host",
      "props": Object {
        "children": Array [
          <NavLink
            activeClassName="active"
            ariaCurrent="true"
            className="button"
            onClick={[Function]}
            to="/home/people/"
>
            People
</NavLink>,
          <NavLink
            activeClassName="active"
            ariaCurrent="true"
            className="button"
            onClick={[Function]}
            to="/home/planets/"
>
            Planets
</NavLink>,
          <NavLink
            activeClassName="active"
            ariaCurrent="true"
            className="button"
            onClick={[Function]}
            to="/home/vehicles/"
>
            Vehicles
</NavLink>,
        ],
        "className": "button-container",
      },
      "ref": null,
      "rendered": Array [
        Object {
          "instance": null,
          "key": undefined,
          "nodeType": "function",
          "props": Object {
            "activeClassName": "active",
            "ariaCurrent": "true",
            "children": "People",
            "className": "button",
            "onClick": [Function],
            "to": "/home/people/",
          },
          "ref": null,
          "rendered": "People",
          "type": [Function],
        },
        Object {
          "instance": null,
          "key": undefined,
          "nodeType": "function",
          "props": Object {
            "activeClassName": "active",
            "ariaCurrent": "true",
            "children": "Planets",
            "className": "button",
            "onClick": [Function],
            "to": "/home/planets/",
          },
          "ref": null,
          "rendered": "Planets",
          "type": [Function],
        },
        Object {
          "instance": null,
          "key": undefined,
          "nodeType": "function",
          "props": Object {
            "activeClassName": "active",
            "ariaCurrent": "true",
            "children": "Vehicles",
            "className": "button",
            "onClick": [Function],
            "to": "/home/vehicles/",
          },
          "ref": null,
          "rendered": "Vehicles",
          "type": [Function],
        },
      ],
      "type": "div",
    },
  ],
  Symbol(enzyme.__options__): Object {
    "adapter": ReactSixteenAdapter {
      "options": Object {
        "enableComponentDidUpdateOnSetState": true,
      },
    },
  },
}
`;
